[      85ms] [LOG] {modulePrefix: @apps/front, environment: development, rootURL: /, locationType: history, EmberENV: Object} @ http://localhost:4200/app/app.ts?t=1778774097905:24
[      94ms] [LOG] %cDocumentation: %chttps://mswjs.io/docs font-weight:bold font-weight:normal @ http://localhost:4200/node_modules/.vite/deps/msw_browser.js?v=14610d99:3391
[      94ms] [LOG] Found an issue? https://github.com/mswjs/msw/issues @ http://localhost:4200/node_modules/.vite/deps/msw_browser.js?v=14610d99:3392
[      94ms] [LOG] Worker script URL: http://localhost:4200/mockServiceWorker.js @ http://localhost:4200/node_modules/.vite/deps/msw_browser.js?v=14610d99:3393
[      94ms] [LOG] Worker scope: http://localhost:4200/ @ http://localhost:4200/node_modules/.vite/deps/msw_browser.js?v=14610d99:3394
[      94ms] [LOG] Client ID: %s (%s) f1693567-2c51-45a6-a9ee-f0fe04d41904 top-level @ http://localhost:4200/node_modules/.vite/deps/msw_browser.js?v=14610d99:3395
[      97ms] [LOG] Request {url: URL, method: GET, headers: Object, body: } @ http://localhost:4200/node_modules/.vite/deps/msw.js?v=14610d99:442
[      97ms] [LOG] Handler: HttpHandler @ http://localhost:4200/node_modules/.vite/deps/msw.js?v=14610d99:443
[      97ms] [LOG] Response {status: 200, statusText: OK, headers: Object, body: {"data":{"id":"1","type":"users","attributes":{"fi…lastName":"Doe","email":"john.doe@example.com"}}}} @ http://localhost:4200/node_modules/.vite/deps/msw.js?v=14610d99:444
[      97ms] [LOG] user Proxy(ReactiveResource) loaded @ http://localhost:4200/@fs/Users/gilles/www/projects/project-forge/@libs/users-front/dist/services/current-user.js:31
[      99ms] [LOG] Request {url: URL, method: GET, headers: Object, body: } @ http://localhost:4200/node_modules/.vite/deps/msw.js?v=14610d99:442
[      99ms] [LOG] Handler: HttpHandler @ http://localhost:4200/node_modules/.vite/deps/msw.js?v=14610d99:443
[      99ms] [LOG] Response {status: 200, statusText: OK, headers: Object, body: {"data":[{"id":"proj-1","type":"projects","attribu…At":"2025-01-10T10:00:00Z"}}],"meta":{"count":3}}} @ http://localhost:4200/node_modules/.vite/deps/msw.js?v=14610d99:444
[    5662ms] [LOG] Request {url: URL, method: GET, headers: Object, body: } @ http://localhost:4200/node_modules/.vite/deps/msw.js?v=14610d99:442
[    5662ms] [LOG] Handler: HttpHandler @ http://localhost:4200/node_modules/.vite/deps/msw.js?v=14610d99:443
[    5662ms] [LOG] Response {status: 200, statusText: OK, headers: Object, body: {"data":[{"id":"1","type":"users","attributes":{"f…:"bob.johnson@example.com"}}],"meta":{"total":3}}} @ http://localhost:4200/node_modules/.vite/deps/msw.js?v=14610d99:444
[   53526ms] [LOG] {modulePrefix: @apps/front, environment: development, rootURL: /, locationType: history, EmberENV: Object} @ http://localhost:4200/app/app.ts?t=1778774156400:24
[   53531ms] [LOG] %cDocumentation: %chttps://mswjs.io/docs font-weight:bold font-weight:normal @ http://localhost:4200/node_modules/.vite/deps/msw_browser.js?v=14610d99:3391
[   53531ms] [LOG] Found an issue? https://github.com/mswjs/msw/issues @ http://localhost:4200/node_modules/.vite/deps/msw_browser.js?v=14610d99:3392
[   53531ms] [LOG] Worker script URL: http://localhost:4200/mockServiceWorker.js @ http://localhost:4200/node_modules/.vite/deps/msw_browser.js?v=14610d99:3393
[   53531ms] [LOG] Worker scope: http://localhost:4200/ @ http://localhost:4200/node_modules/.vite/deps/msw_browser.js?v=14610d99:3394
[   53531ms] [LOG] Client ID: %s (%s) 8cf2b069-2ebe-48ce-8bba-e6fb34e24819 top-level @ http://localhost:4200/node_modules/.vite/deps/msw_browser.js?v=14610d99:3395
[   53537ms] [LOG] Request {url: URL, method: GET, headers: Object, body: } @ http://localhost:4200/node_modules/.vite/deps/msw.js?v=14610d99:442
[   53537ms] [LOG] Handler: HttpHandler @ http://localhost:4200/node_modules/.vite/deps/msw.js?v=14610d99:443
[   53537ms] [LOG] Response {status: 200, statusText: OK, headers: Object, body: {"data":{"id":"1","type":"users","attributes":{"fi…lastName":"Doe","email":"john.doe@example.com"}}}} @ http://localhost:4200/node_modules/.vite/deps/msw.js?v=14610d99:444
[   53537ms] [LOG] user Proxy(ReactiveResource) loaded @ http://localhost:4200/@fs/Users/gilles/www/projects/project-forge/@libs/users-front/dist/services/current-user.js:31
[   53539ms] [LOG] Request {url: URL, method: GET, headers: Object, body: } @ http://localhost:4200/node_modules/.vite/deps/msw.js?v=14610d99:442
[   53539ms] [LOG] Handler: HttpHandler @ http://localhost:4200/node_modules/.vite/deps/msw.js?v=14610d99:443
[   53539ms] [LOG] Response {status: 200, statusText: OK, headers: Object, body: {"data":[{"id":"proj-1","type":"projects","attribu…At":"2025-01-10T10:00:00Z"}}],"meta":{"count":3}}} @ http://localhost:4200/node_modules/.vite/deps/msw.js?v=14610d99:444
[  106073ms] [LOG] {modulePrefix: @apps/front, environment: development, rootURL: /, locationType: history, EmberENV: Object} @ http://localhost:4200/app/app.ts?t=1778774209005:24
[  106084ms] [LOG] %cDocumentation: %chttps://mswjs.io/docs font-weight:bold font-weight:normal @ http://localhost:4200/node_modules/.vite/deps/msw_browser.js?v=14610d99:3391
[  106084ms] [LOG] Found an issue? https://github.com/mswjs/msw/issues @ http://localhost:4200/node_modules/.vite/deps/msw_browser.js?v=14610d99:3392
[  106084ms] [LOG] Worker script URL: http://localhost:4200/mockServiceWorker.js @ http://localhost:4200/node_modules/.vite/deps/msw_browser.js?v=14610d99:3393
[  106084ms] [LOG] Worker scope: http://localhost:4200/ @ http://localhost:4200/node_modules/.vite/deps/msw_browser.js?v=14610d99:3394
[  106084ms] [LOG] Client ID: %s (%s) 3caa6a74-3468-431f-adee-99dcdc849e06 top-level @ http://localhost:4200/node_modules/.vite/deps/msw_browser.js?v=14610d99:3395
[  106090ms] [LOG] Request {url: URL, method: GET, headers: Object, body: } @ http://localhost:4200/node_modules/.vite/deps/msw.js?v=14610d99:442
[  106090ms] [LOG] Handler: HttpHandler @ http://localhost:4200/node_modules/.vite/deps/msw.js?v=14610d99:443
[  106090ms] [LOG] Response {status: 200, statusText: OK, headers: Object, body: {"data":{"id":"1","type":"users","attributes":{"fi…lastName":"Doe","email":"john.doe@example.com"}}}} @ http://localhost:4200/node_modules/.vite/deps/msw.js?v=14610d99:444
[  106091ms] [LOG] user Proxy(ReactiveResource) loaded @ http://localhost:4200/@fs/Users/gilles/www/projects/project-forge/@libs/users-front/dist/services/current-user.js:31
[  106092ms] [LOG] Request {url: URL, method: GET, headers: Object, body: } @ http://localhost:4200/node_modules/.vite/deps/msw.js?v=14610d99:442
[  106092ms] [LOG] Handler: HttpHandler @ http://localhost:4200/node_modules/.vite/deps/msw.js?v=14610d99:443
[  106092ms] [LOG] Response {status: 200, statusText: OK, headers: Object, body: {"data":[{"id":"proj-1","type":"projects","attribu…At":"2025-01-10T10:00:00Z"}}],"meta":{"count":3}}} @ http://localhost:4200/node_modules/.vite/deps/msw.js?v=14610d99:444
[  107187ms] [LOG] {modulePrefix: @apps/front, environment: development, rootURL: /, locationType: history, EmberENV: Object} @ http://localhost:4200/app/app.ts?t=1778774210090:24
[  107193ms] [LOG] %cDocumentation: %chttps://mswjs.io/docs font-weight:bold font-weight:normal @ http://localhost:4200/node_modules/.vite/deps/msw_browser.js?v=14610d99:3391
[  107193ms] [LOG] Found an issue? https://github.com/mswjs/msw/issues @ http://localhost:4200/node_modules/.vite/deps/msw_browser.js?v=14610d99:3392
[  107193ms] [LOG] Worker script URL: http://localhost:4200/mockServiceWorker.js @ http://localhost:4200/node_modules/.vite/deps/msw_browser.js?v=14610d99:3393
[  107193ms] [LOG] Worker scope: http://localhost:4200/ @ http://localhost:4200/node_modules/.vite/deps/msw_browser.js?v=14610d99:3394
[  107193ms] [LOG] Client ID: %s (%s) 9a0a97e3-3aff-4d43-bb9b-4bfeba4cd008 top-level @ http://localhost:4200/node_modules/.vite/deps/msw_browser.js?v=14610d99:3395
[  107195ms] [LOG] Request {url: URL, method: GET, headers: Object, body: } @ http://localhost:4200/node_modules/.vite/deps/msw.js?v=14610d99:442
[  107195ms] [LOG] Handler: HttpHandler @ http://localhost:4200/node_modules/.vite/deps/msw.js?v=14610d99:443
[  107195ms] [LOG] Response {status: 200, statusText: OK, headers: Object, body: {"data":{"id":"1","type":"users","attributes":{"fi…lastName":"Doe","email":"john.doe@example.com"}}}} @ http://localhost:4200/node_modules/.vite/deps/msw.js?v=14610d99:444
[  107196ms] [LOG] user Proxy(ReactiveResource) loaded @ http://localhost:4200/@fs/Users/gilles/www/projects/project-forge/@libs/users-front/dist/services/current-user.js:31
[  107197ms] [LOG] Request {url: URL, method: GET, headers: Object, body: } @ http://localhost:4200/node_modules/.vite/deps/msw.js?v=14610d99:442
[  107198ms] [LOG] Handler: HttpHandler @ http://localhost:4200/node_modules/.vite/deps/msw.js?v=14610d99:443
[  107198ms] [LOG] Response {status: 200, statusText: OK, headers: Object, body: {"data":[{"id":"proj-1","type":"projects","attribu…At":"2025-01-10T10:00:00Z"}}],"meta":{"count":3}}} @ http://localhost:4200/node_modules/.vite/deps/msw.js?v=14610d99:444
[  108253ms] [LOG] {modulePrefix: @apps/front, environment: development, rootURL: /, locationType: history, EmberENV: Object} @ http://localhost:4200/app/app.ts?t=1778774211208:24
[  108262ms] [LOG] %cDocumentation: %chttps://mswjs.io/docs font-weight:bold font-weight:normal @ http://localhost:4200/node_modules/.vite/deps/msw_browser.js?v=14610d99:3391
[  108262ms] [LOG] Found an issue? https://github.com/mswjs/msw/issues @ http://localhost:4200/node_modules/.vite/deps/msw_browser.js?v=14610d99:3392
[  108262ms] [LOG] Worker script URL: http://localhost:4200/mockServiceWorker.js @ http://localhost:4200/node_modules/.vite/deps/msw_browser.js?v=14610d99:3393
[  108262ms] [LOG] Worker scope: http://localhost:4200/ @ http://localhost:4200/node_modules/.vite/deps/msw_browser.js?v=14610d99:3394
[  108262ms] [LOG] Client ID: %s (%s) d1a79f20-2653-4299-9c28-832161400266 top-level @ http://localhost:4200/node_modules/.vite/deps/msw_browser.js?v=14610d99:3395
[  108265ms] [LOG] Request {url: URL, method: GET, headers: Object, body: } @ http://localhost:4200/node_modules/.vite/deps/msw.js?v=14610d99:442
[  108265ms] [LOG] Handler: HttpHandler @ http://localhost:4200/node_modules/.vite/deps/msw.js?v=14610d99:443
[  108265ms] [LOG] Response {status: 200, statusText: OK, headers: Object, body: {"data":{"id":"1","type":"users","attributes":{"fi…lastName":"Doe","email":"john.doe@example.com"}}}} @ http://localhost:4200/node_modules/.vite/deps/msw.js?v=14610d99:444
[  108265ms] [LOG] user Proxy(ReactiveResource) loaded @ http://localhost:4200/@fs/Users/gilles/www/projects/project-forge/@libs/users-front/dist/services/current-user.js:31
[  108267ms] [LOG] Request {url: URL, method: GET, headers: Object, body: } @ http://localhost:4200/node_modules/.vite/deps/msw.js?v=14610d99:442
[  108267ms] [LOG] Handler: HttpHandler @ http://localhost:4200/node_modules/.vite/deps/msw.js?v=14610d99:443
[  108267ms] [LOG] Response {status: 200, statusText: OK, headers: Object, body: {"data":[{"id":"proj-1","type":"projects","attribu…At":"2025-01-10T10:00:00Z"}}],"meta":{"count":3}}} @ http://localhost:4200/node_modules/.vite/deps/msw.js?v=14610d99:444
[  108607ms] [LOG] {modulePrefix: @apps/front, environment: development, rootURL: /, locationType: history, EmberENV: Object} @ http://localhost:4200/app/app.ts?t=1778774211573:24
[  108613ms] [LOG] %cDocumentation: %chttps://mswjs.io/docs font-weight:bold font-weight:normal @ http://localhost:4200/node_modules/.vite/deps/msw_browser.js?v=14610d99:3391
[  108613ms] [LOG] Found an issue? https://github.com/mswjs/msw/issues @ http://localhost:4200/node_modules/.vite/deps/msw_browser.js?v=14610d99:3392
[  108613ms] [LOG] Worker script URL: http://localhost:4200/mockServiceWorker.js @ http://localhost:4200/node_modules/.vite/deps/msw_browser.js?v=14610d99:3393
[  108613ms] [LOG] Worker scope: http://localhost:4200/ @ http://localhost:4200/node_modules/.vite/deps/msw_browser.js?v=14610d99:3394
[  108613ms] [LOG] Client ID: %s (%s) 9e2315a2-86dd-48ec-bcf1-618420355cc3 top-level @ http://localhost:4200/node_modules/.vite/deps/msw_browser.js?v=14610d99:3395
[  108616ms] [LOG] Request {url: URL, method: GET, headers: Object, body: } @ http://localhost:4200/node_modules/.vite/deps/msw.js?v=14610d99:442
[  108616ms] [LOG] Handler: HttpHandler @ http://localhost:4200/node_modules/.vite/deps/msw.js?v=14610d99:443
[  108616ms] [LOG] Response {status: 200, statusText: OK, headers: Object, body: {"data":{"id":"1","type":"users","attributes":{"fi…lastName":"Doe","email":"john.doe@example.com"}}}} @ http://localhost:4200/node_modules/.vite/deps/msw.js?v=14610d99:444
[  108616ms] [LOG] user Proxy(ReactiveResource) loaded @ http://localhost:4200/@fs/Users/gilles/www/projects/project-forge/@libs/users-front/dist/services/current-user.js:31
[  108617ms] [LOG] Request {url: URL, method: GET, headers: Object, body: } @ http://localhost:4200/node_modules/.vite/deps/msw.js?v=14610d99:442
[  108618ms] [LOG] Handler: HttpHandler @ http://localhost:4200/node_modules/.vite/deps/msw.js?v=14610d99:443
[  108618ms] [LOG] Response {status: 200, statusText: OK, headers: Object, body: {"data":[{"id":"proj-1","type":"projects","attribu…At":"2025-01-10T10:00:00Z"}}],"meta":{"count":3}}} @ http://localhost:4200/node_modules/.vite/deps/msw.js?v=14610d99:444
[  109832ms] [LOG] {modulePrefix: @apps/front, environment: development, rootURL: /, locationType: history, EmberENV: Object} @ http://localhost:4200/app/app.ts?t=1778774212772:24
[  109845ms] [LOG] %cDocumentation: %chttps://mswjs.io/docs font-weight:bold font-weight:normal @ http://localhost:4200/node_modules/.vite/deps/msw_browser.js?v=14610d99:3391
[  109845ms] [LOG] Found an issue? https://github.com/mswjs/msw/issues @ http://localhost:4200/node_modules/.vite/deps/msw_browser.js?v=14610d99:3392
[  109845ms] [LOG] Worker script URL: http://localhost:4200/mockServiceWorker.js @ http://localhost:4200/node_modules/.vite/deps/msw_browser.js?v=14610d99:3393
[  109845ms] [LOG] Worker scope: http://localhost:4200/ @ http://localhost:4200/node_modules/.vite/deps/msw_browser.js?v=14610d99:3394
[  109845ms] [LOG] Client ID: %s (%s) 3426d84c-6508-432d-b0c7-9ebfd9097aeb top-level @ http://localhost:4200/node_modules/.vite/deps/msw_browser.js?v=14610d99:3395
[  109848ms] [LOG] Request {url: URL, method: GET, headers: Object, body: } @ http://localhost:4200/node_modules/.vite/deps/msw.js?v=14610d99:442
[  109848ms] [LOG] Handler: HttpHandler @ http://localhost:4200/node_modules/.vite/deps/msw.js?v=14610d99:443
[  109848ms] [LOG] Response {status: 200, statusText: OK, headers: Object, body: {"data":{"id":"1","type":"users","attributes":{"fi…lastName":"Doe","email":"john.doe@example.com"}}}} @ http://localhost:4200/node_modules/.vite/deps/msw.js?v=14610d99:444
[  109849ms] [LOG] user Proxy(ReactiveResource) loaded @ http://localhost:4200/@fs/Users/gilles/www/projects/project-forge/@libs/users-front/dist/services/current-user.js:31
[  109850ms] [LOG] Request {url: URL, method: GET, headers: Object, body: } @ http://localhost:4200/node_modules/.vite/deps/msw.js?v=14610d99:442
[  109850ms] [LOG] Handler: HttpHandler @ http://localhost:4200/node_modules/.vite/deps/msw.js?v=14610d99:443
[  109850ms] [LOG] Response {status: 200, statusText: OK, headers: Object, body: {"data":[{"id":"proj-1","type":"projects","attribu…At":"2025-01-10T10:00:00Z"}}],"meta":{"count":3}}} @ http://localhost:4200/node_modules/.vite/deps/msw.js?v=14610d99:444
[  126633ms] [LOG] {modulePrefix: @apps/front, environment: development, rootURL: /, locationType: history, EmberENV: Object} @ http://localhost:4200/app/app.ts?t=1778774229560:24
[  126641ms] [LOG] %cDocumentation: %chttps://mswjs.io/docs font-weight:bold font-weight:normal @ http://localhost:4200/node_modules/.vite/deps/msw_browser.js?v=14610d99:3391
[  126641ms] [LOG] Found an issue? https://github.com/mswjs/msw/issues @ http://localhost:4200/node_modules/.vite/deps/msw_browser.js?v=14610d99:3392
[  126641ms] [LOG] Worker script URL: http://localhost:4200/mockServiceWorker.js @ http://localhost:4200/node_modules/.vite/deps/msw_browser.js?v=14610d99:3393
[  126641ms] [LOG] Worker scope: http://localhost:4200/ @ http://localhost:4200/node_modules/.vite/deps/msw_browser.js?v=14610d99:3394
[  126641ms] [LOG] Client ID: %s (%s) 2623ef5a-83a1-4fd2-bc6e-e008d8ef0adc top-level @ http://localhost:4200/node_modules/.vite/deps/msw_browser.js?v=14610d99:3395
[  126643ms] [LOG] Request {url: URL, method: GET, headers: Object, body: } @ http://localhost:4200/node_modules/.vite/deps/msw.js?v=14610d99:442
[  126643ms] [LOG] Handler: HttpHandler @ http://localhost:4200/node_modules/.vite/deps/msw.js?v=14610d99:443
[  126643ms] [LOG] Response {status: 200, statusText: OK, headers: Object, body: {"data":{"id":"1","type":"users","attributes":{"fi…lastName":"Doe","email":"john.doe@example.com"}}}} @ http://localhost:4200/node_modules/.vite/deps/msw.js?v=14610d99:444
[  126644ms] [LOG] user Proxy(ReactiveResource) loaded @ http://localhost:4200/@fs/Users/gilles/www/projects/project-forge/@libs/users-front/dist/services/current-user.js:31
[  126645ms] [LOG] Request {url: URL, method: GET, headers: Object, body: } @ http://localhost:4200/node_modules/.vite/deps/msw.js?v=14610d99:442
[  126645ms] [LOG] Handler: HttpHandler @ http://localhost:4200/node_modules/.vite/deps/msw.js?v=14610d99:443
[  126645ms] [LOG] Response {status: 200, statusText: OK, headers: Object, body: {"data":[{"id":"proj-1","type":"projects","attribu…At":"2025-01-10T10:00:00Z"}}],"meta":{"count":3}}} @ http://localhost:4200/node_modules/.vite/deps/msw.js?v=14610d99:444
[  127653ms] [LOG] {modulePrefix: @apps/front, environment: development, rootURL: /, locationType: history, EmberENV: Object} @ http://localhost:4200/app/app.ts?t=1778774230597:24
[  127660ms] [LOG] %cDocumentation: %chttps://mswjs.io/docs font-weight:bold font-weight:normal @ http://localhost:4200/node_modules/.vite/deps/msw_browser.js?v=14610d99:3391
[  127660ms] [LOG] Found an issue? https://github.com/mswjs/msw/issues @ http://localhost:4200/node_modules/.vite/deps/msw_browser.js?v=14610d99:3392
[  127660ms] [LOG] Worker script URL: http://localhost:4200/mockServiceWorker.js @ http://localhost:4200/node_modules/.vite/deps/msw_browser.js?v=14610d99:3393
[  127660ms] [LOG] Worker scope: http://localhost:4200/ @ http://localhost:4200/node_modules/.vite/deps/msw_browser.js?v=14610d99:3394
[  127660ms] [LOG] Client ID: %s (%s) e8e8da83-dc49-48d3-9b00-41c183a668bc top-level @ http://localhost:4200/node_modules/.vite/deps/msw_browser.js?v=14610d99:3395
[  127662ms] [LOG] Request {url: URL, method: GET, headers: Object, body: } @ http://localhost:4200/node_modules/.vite/deps/msw.js?v=14610d99:442
[  127662ms] [LOG] Handler: HttpHandler @ http://localhost:4200/node_modules/.vite/deps/msw.js?v=14610d99:443
[  127662ms] [LOG] Response {status: 200, statusText: OK, headers: Object, body: {"data":{"id":"1","type":"users","attributes":{"fi…lastName":"Doe","email":"john.doe@example.com"}}}} @ http://localhost:4200/node_modules/.vite/deps/msw.js?v=14610d99:444
[  127663ms] [LOG] user Proxy(ReactiveResource) loaded @ http://localhost:4200/@fs/Users/gilles/www/projects/project-forge/@libs/users-front/dist/services/current-user.js:31
[  127664ms] [LOG] Request {url: URL, method: GET, headers: Object, body: } @ http://localhost:4200/node_modules/.vite/deps/msw.js?v=14610d99:442
[  127664ms] [LOG] Handler: HttpHandler @ http://localhost:4200/node_modules/.vite/deps/msw.js?v=14610d99:443
[  127664ms] [LOG] Response {status: 200, statusText: OK, headers: Object, body: {"data":[{"id":"proj-1","type":"projects","attribu…At":"2025-01-10T10:00:00Z"}}],"meta":{"count":3}}} @ http://localhost:4200/node_modules/.vite/deps/msw.js?v=14610d99:444
[  134602ms] [LOG] {modulePrefix: @apps/front, environment: development, rootURL: /, locationType: history, EmberENV: Object} @ http://localhost:4200/app/app.ts?t=1778774237709:24
[  134613ms] [LOG] %cDocumentation: %chttps://mswjs.io/docs font-weight:bold font-weight:normal @ http://localhost:4200/node_modules/.vite/deps/msw_browser.js?v=14610d99:3391
[  134613ms] [LOG] Found an issue? https://github.com/mswjs/msw/issues @ http://localhost:4200/node_modules/.vite/deps/msw_browser.js?v=14610d99:3392
[  134613ms] [LOG] Worker script URL: http://localhost:4200/mockServiceWorker.js @ http://localhost:4200/node_modules/.vite/deps/msw_browser.js?v=14610d99:3393
[  134613ms] [LOG] Worker scope: http://localhost:4200/ @ http://localhost:4200/node_modules/.vite/deps/msw_browser.js?v=14610d99:3394
[  134613ms] [LOG] Client ID: %s (%s) 978ffc5d-3567-4951-a2ba-cd6a1a320c74 top-level @ http://localhost:4200/node_modules/.vite/deps/msw_browser.js?v=14610d99:3395
[  134616ms] [LOG] Request {url: URL, method: GET, headers: Object, body: } @ http://localhost:4200/node_modules/.vite/deps/msw.js?v=14610d99:442
[  134616ms] [LOG] Handler: HttpHandler @ http://localhost:4200/node_modules/.vite/deps/msw.js?v=14610d99:443
[  134616ms] [LOG] Response {status: 200, statusText: OK, headers: Object, body: {"data":{"id":"1","type":"users","attributes":{"fi…lastName":"Doe","email":"john.doe@example.com"}}}} @ http://localhost:4200/node_modules/.vite/deps/msw.js?v=14610d99:444
[  134617ms] [LOG] user Proxy(ReactiveResource) loaded @ http://localhost:4200/@fs/Users/gilles/www/projects/project-forge/@libs/users-front/dist/services/current-user.js:31
[  134618ms] [LOG] Request {url: URL, method: GET, headers: Object, body: } @ http://localhost:4200/node_modules/.vite/deps/msw.js?v=14610d99:442
[  134618ms] [LOG] Handler: HttpHandler @ http://localhost:4200/node_modules/.vite/deps/msw.js?v=14610d99:443
[  134618ms] [LOG] Response {status: 200, statusText: OK, headers: Object, body: {"data":[{"id":"proj-1","type":"projects","attribu…At":"2025-01-10T10:00:00Z"}}],"meta":{"count":3}}} @ http://localhost:4200/node_modules/.vite/deps/msw.js?v=14610d99:444
[  135577ms] [LOG] {modulePrefix: @apps/front, environment: development, rootURL: /, locationType: history, EmberENV: Object} @ http://localhost:4200/app/app.ts?t=1778774238492:24
[  135584ms] [LOG] %cDocumentation: %chttps://mswjs.io/docs font-weight:bold font-weight:normal @ http://localhost:4200/node_modules/.vite/deps/msw_browser.js?v=14610d99:3391
[  135584ms] [LOG] Found an issue? https://github.com/mswjs/msw/issues @ http://localhost:4200/node_modules/.vite/deps/msw_browser.js?v=14610d99:3392
[  135584ms] [LOG] Worker script URL: http://localhost:4200/mockServiceWorker.js @ http://localhost:4200/node_modules/.vite/deps/msw_browser.js?v=14610d99:3393
[  135584ms] [LOG] Worker scope: http://localhost:4200/ @ http://localhost:4200/node_modules/.vite/deps/msw_browser.js?v=14610d99:3394
[  135584ms] [LOG] Client ID: %s (%s) 69fdd19d-2ed7-41b6-943f-1526b45dceab top-level @ http://localhost:4200/node_modules/.vite/deps/msw_browser.js?v=14610d99:3395
[  135586ms] [LOG] Request {url: URL, method: GET, headers: Object, body: } @ http://localhost:4200/node_modules/.vite/deps/msw.js?v=14610d99:442
[  135586ms] [LOG] Handler: HttpHandler @ http://localhost:4200/node_modules/.vite/deps/msw.js?v=14610d99:443
[  135587ms] [LOG] Response {status: 200, statusText: OK, headers: Object, body: {"data":{"id":"1","type":"users","attributes":{"fi…lastName":"Doe","email":"john.doe@example.com"}}}} @ http://localhost:4200/node_modules/.vite/deps/msw.js?v=14610d99:444
[  135587ms] [LOG] user Proxy(ReactiveResource) loaded @ http://localhost:4200/@fs/Users/gilles/www/projects/project-forge/@libs/users-front/dist/services/current-user.js:31
[  135589ms] [LOG] Request {url: URL, method: GET, headers: Object, body: } @ http://localhost:4200/node_modules/.vite/deps/msw.js?v=14610d99:442
[  135589ms] [LOG] Handler: HttpHandler @ http://localhost:4200/node_modules/.vite/deps/msw.js?v=14610d99:443
[  135589ms] [LOG] Response {status: 200, statusText: OK, headers: Object, body: {"data":[{"id":"proj-1","type":"projects","attribu…At":"2025-01-10T10:00:00Z"}}],"meta":{"count":3}}} @ http://localhost:4200/node_modules/.vite/deps/msw.js?v=14610d99:444
[  152377ms] [LOG] {modulePrefix: @apps/front, environment: development, rootURL: /, locationType: history, EmberENV: Object} @ http://localhost:4200/app/app.ts?t=1778774255271:24
[  152384ms] [LOG] %cDocumentation: %chttps://mswjs.io/docs font-weight:bold font-weight:normal @ http://localhost:4200/node_modules/.vite/deps/msw_browser.js?v=14610d99:3391
[  152384ms] [LOG] Found an issue? https://github.com/mswjs/msw/issues @ http://localhost:4200/node_modules/.vite/deps/msw_browser.js?v=14610d99:3392
[  152384ms] [LOG] Worker script URL: http://localhost:4200/mockServiceWorker.js @ http://localhost:4200/node_modules/.vite/deps/msw_browser.js?v=14610d99:3393
[  152384ms] [LOG] Worker scope: http://localhost:4200/ @ http://localhost:4200/node_modules/.vite/deps/msw_browser.js?v=14610d99:3394
[  152384ms] [LOG] Client ID: %s (%s) 78cbb17a-f368-4ef7-8ac7-c2a2ea185799 top-level @ http://localhost:4200/node_modules/.vite/deps/msw_browser.js?v=14610d99:3395
[  152390ms] [LOG] Request {url: URL, method: GET, headers: Object, body: } @ http://localhost:4200/node_modules/.vite/deps/msw.js?v=14610d99:442
[  152390ms] [LOG] Handler: HttpHandler @ http://localhost:4200/node_modules/.vite/deps/msw.js?v=14610d99:443
[  152390ms] [LOG] Response {status: 200, statusText: OK, headers: Object, body: {"data":{"id":"1","type":"users","attributes":{"fi…lastName":"Doe","email":"john.doe@example.com"}}}} @ http://localhost:4200/node_modules/.vite/deps/msw.js?v=14610d99:444
[  152390ms] [LOG] user Proxy(ReactiveResource) loaded @ http://localhost:4200/@fs/Users/gilles/www/projects/project-forge/@libs/users-front/dist/services/current-user.js:31
[  152392ms] [LOG] Request {url: URL, method: GET, headers: Object, body: } @ http://localhost:4200/node_modules/.vite/deps/msw.js?v=14610d99:442
[  152392ms] [LOG] Handler: HttpHandler @ http://localhost:4200/node_modules/.vite/deps/msw.js?v=14610d99:443
[  152392ms] [LOG] Response {status: 200, statusText: OK, headers: Object, body: {"data":[{"id":"proj-1","type":"projects","attribu…At":"2025-01-10T10:00:00Z"}}],"meta":{"count":3}}} @ http://localhost:4200/node_modules/.vite/deps/msw.js?v=14610d99:444
[  152508ms] [LOG] {modulePrefix: @apps/front, environment: development, rootURL: /, locationType: history, EmberENV: Object} @ http://localhost:4200/app/app.ts?t=1778774255474:24
[  152513ms] [LOG] %cDocumentation: %chttps://mswjs.io/docs font-weight:bold font-weight:normal @ http://localhost:4200/node_modules/.vite/deps/msw_browser.js?v=14610d99:3391
[  152513ms] [LOG] Found an issue? https://github.com/mswjs/msw/issues @ http://localhost:4200/node_modules/.vite/deps/msw_browser.js?v=14610d99:3392
[  152513ms] [LOG] Worker script URL: http://localhost:4200/mockServiceWorker.js @ http://localhost:4200/node_modules/.vite/deps/msw_browser.js?v=14610d99:3393
[  152513ms] [LOG] Worker scope: http://localhost:4200/ @ http://localhost:4200/node_modules/.vite/deps/msw_browser.js?v=14610d99:3394
[  152513ms] [LOG] Client ID: %s (%s) 8944e2f3-29a1-45b8-ba14-4816a8079c5c top-level @ http://localhost:4200/node_modules/.vite/deps/msw_browser.js?v=14610d99:3395
[  152516ms] [LOG] Request {url: URL, method: GET, headers: Object, body: } @ http://localhost:4200/node_modules/.vite/deps/msw.js?v=14610d99:442
[  152516ms] [LOG] Handler: HttpHandler @ http://localhost:4200/node_modules/.vite/deps/msw.js?v=14610d99:443
[  152516ms] [LOG] Response {status: 200, statusText: OK, headers: Object, body: {"data":{"id":"1","type":"users","attributes":{"fi…lastName":"Doe","email":"john.doe@example.com"}}}} @ http://localhost:4200/node_modules/.vite/deps/msw.js?v=14610d99:444
[  152516ms] [LOG] user Proxy(ReactiveResource) loaded @ http://localhost:4200/@fs/Users/gilles/www/projects/project-forge/@libs/users-front/dist/services/current-user.js:31
[  152518ms] [LOG] Request {url: URL, method: GET, headers: Object, body: } @ http://localhost:4200/node_modules/.vite/deps/msw.js?v=14610d99:442
[  152518ms] [LOG] Handler: HttpHandler @ http://localhost:4200/node_modules/.vite/deps/msw.js?v=14610d99:443
[  152518ms] [LOG] Response {status: 200, statusText: OK, headers: Object, body: {"data":[{"id":"proj-1","type":"projects","attribu…At":"2025-01-10T10:00:00Z"}}],"meta":{"count":3}}} @ http://localhost:4200/node_modules/.vite/deps/msw.js?v=14610d99:444
[  153780ms] [LOG] {modulePrefix: @apps/front, environment: development, rootURL: /, locationType: history, EmberENV: Object} @ http://localhost:4200/app/app.ts?t=1778774256741:24
[  153789ms] [LOG] %cDocumentation: %chttps://mswjs.io/docs font-weight:bold font-weight:normal @ http://localhost:4200/node_modules/.vite/deps/msw_browser.js?v=14610d99:3391
[  153789ms] [LOG] Found an issue? https://github.com/mswjs/msw/issues @ http://localhost:4200/node_modules/.vite/deps/msw_browser.js?v=14610d99:3392
[  153789ms] [LOG] Worker script URL: http://localhost:4200/mockServiceWorker.js @ http://localhost:4200/node_modules/.vite/deps/msw_browser.js?v=14610d99:3393
[  153789ms] [LOG] Worker scope: http://localhost:4200/ @ http://localhost:4200/node_modules/.vite/deps/msw_browser.js?v=14610d99:3394
[  153789ms] [LOG] Client ID: %s (%s) 4146b8e2-a2f1-4c7b-b723-805d66d07074 top-level @ http://localhost:4200/node_modules/.vite/deps/msw_browser.js?v=14610d99:3395
[  153792ms] [LOG] Request {url: URL, method: GET, headers: Object, body: } @ http://localhost:4200/node_modules/.vite/deps/msw.js?v=14610d99:442
[  153792ms] [LOG] Handler: HttpHandler @ http://localhost:4200/node_modules/.vite/deps/msw.js?v=14610d99:443
[  153792ms] [LOG] Response {status: 200, statusText: OK, headers: Object, body: {"data":{"id":"1","type":"users","attributes":{"fi…lastName":"Doe","email":"john.doe@example.com"}}}} @ http://localhost:4200/node_modules/.vite/deps/msw.js?v=14610d99:444
[  153793ms] [LOG] user Proxy(ReactiveResource) loaded @ http://localhost:4200/@fs/Users/gilles/www/projects/project-forge/@libs/users-front/dist/services/current-user.js:31
[  153794ms] [LOG] Request {url: URL, method: GET, headers: Object, body: } @ http://localhost:4200/node_modules/.vite/deps/msw.js?v=14610d99:442
[  153794ms] [LOG] Handler: HttpHandler @ http://localhost:4200/node_modules/.vite/deps/msw.js?v=14610d99:443
[  153794ms] [LOG] Response {status: 200, statusText: OK, headers: Object, body: {"data":[{"id":"proj-1","type":"projects","attribu…At":"2025-01-10T10:00:00Z"}}],"meta":{"count":3}}} @ http://localhost:4200/node_modules/.vite/deps/msw.js?v=14610d99:444
[  154691ms] [LOG] {modulePrefix: @apps/front, environment: development, rootURL: /, locationType: history, EmberENV: Object} @ http://localhost:4200/app/app.ts?t=1778774257602:24
[  154698ms] [LOG] %cDocumentation: %chttps://mswjs.io/docs font-weight:bold font-weight:normal @ http://localhost:4200/node_modules/.vite/deps/msw_browser.js?v=14610d99:3391
[  154698ms] [LOG] Found an issue? https://github.com/mswjs/msw/issues @ http://localhost:4200/node_modules/.vite/deps/msw_browser.js?v=14610d99:3392
[  154698ms] [LOG] Worker script URL: http://localhost:4200/mockServiceWorker.js @ http://localhost:4200/node_modules/.vite/deps/msw_browser.js?v=14610d99:3393
[  154698ms] [LOG] Worker scope: http://localhost:4200/ @ http://localhost:4200/node_modules/.vite/deps/msw_browser.js?v=14610d99:3394
[  154698ms] [LOG] Client ID: %s (%s) 355496bf-7c3e-4e7f-ab8b-acee728e544b top-level @ http://localhost:4200/node_modules/.vite/deps/msw_browser.js?v=14610d99:3395
[  154700ms] [LOG] Request {url: URL, method: GET, headers: Object, body: } @ http://localhost:4200/node_modules/.vite/deps/msw.js?v=14610d99:442
[  154700ms] [LOG] Handler: HttpHandler @ http://localhost:4200/node_modules/.vite/deps/msw.js?v=14610d99:443
[  154700ms] [LOG] Response {status: 200, statusText: OK, headers: Object, body: {"data":{"id":"1","type":"users","attributes":{"fi…lastName":"Doe","email":"john.doe@example.com"}}}} @ http://localhost:4200/node_modules/.vite/deps/msw.js?v=14610d99:444
[  154701ms] [LOG] user Proxy(ReactiveResource) loaded @ http://localhost:4200/@fs/Users/gilles/www/projects/project-forge/@libs/users-front/dist/services/current-user.js:31
[  154702ms] [LOG] Request {url: URL, method: GET, headers: Object, body: } @ http://localhost:4200/node_modules/.vite/deps/msw.js?v=14610d99:442
[  154702ms] [LOG] Handler: HttpHandler @ http://localhost:4200/node_modules/.vite/deps/msw.js?v=14610d99:443
[  154702ms] [LOG] Response {status: 200, statusText: OK, headers: Object, body: {"data":[{"id":"proj-1","type":"projects","attribu…At":"2025-01-10T10:00:00Z"}}],"meta":{"count":3}}} @ http://localhost:4200/node_modules/.vite/deps/msw.js?v=14610d99:444
