[     101ms] [LOG] {modulePrefix: @apps/front, environment: development, rootURL: /, locationType: history, EmberENV: Object} @ http://localhost:4200/app/app.ts?t=1778768497784:24
[     134ms] [LOG] %cDocumentation: %chttps://mswjs.io/docs font-weight:bold font-weight:normal @ http://localhost:4200/node_modules/.vite/deps/msw_browser.js?v=04954280:3391
[     134ms] [LOG] Found an issue? https://github.com/mswjs/msw/issues @ http://localhost:4200/node_modules/.vite/deps/msw_browser.js?v=04954280:3392
[     134ms] [LOG] Worker script URL: http://localhost:4200/mockServiceWorker.js @ http://localhost:4200/node_modules/.vite/deps/msw_browser.js?v=04954280:3393
[     134ms] [LOG] Worker scope: http://localhost:4200/ @ http://localhost:4200/node_modules/.vite/deps/msw_browser.js?v=04954280:3394
[     134ms] [LOG] Client ID: %s (%s) d47d77f9-dde7-4257-8d70-75dc9be43c9c top-level @ http://localhost:4200/node_modules/.vite/deps/msw_browser.js?v=04954280:3395
[     140ms] [LOG] Request {url: URL, method: GET, headers: Object, body: } @ http://localhost:4200/node_modules/.vite/deps/msw.js?v=da7ef043:442
[     140ms] [LOG] Handler: HttpHandler @ http://localhost:4200/node_modules/.vite/deps/msw.js?v=da7ef043:443
[     140ms] [LOG] Response {status: 200, statusText: OK, headers: Object, body: {"data":{"id":"1","type":"users","attributes":{"fi…lastName":"Doe","email":"john.doe@example.com"}}}} @ http://localhost:4200/node_modules/.vite/deps/msw.js?v=da7ef043:444
[     140ms] [LOG] user Proxy(ReactiveResource) loaded @ http://localhost:4200/@fs/Users/gilles/www/projects/project-forge/@libs/users-front/dist/services/current-user.js:31
[  599471ms] [LOG] {modulePrefix: @apps/front, environment: development, rootURL: /, locationType: history, EmberENV: Object} @ http://localhost:4200/app/app.ts?t=1778769128584:24
[  599476ms] [LOG] %cDocumentation: %chttps://mswjs.io/docs font-weight:bold font-weight:normal @ http://localhost:4200/node_modules/.vite/deps/msw_browser.js?v=04954280:3391
[  599477ms] [LOG] Found an issue? https://github.com/mswjs/msw/issues @ http://localhost:4200/node_modules/.vite/deps/msw_browser.js?v=04954280:3392
[  599477ms] [LOG] Worker script URL: http://localhost:4200/mockServiceWorker.js @ http://localhost:4200/node_modules/.vite/deps/msw_browser.js?v=04954280:3393
[  599477ms] [LOG] Worker scope: http://localhost:4200/ @ http://localhost:4200/node_modules/.vite/deps/msw_browser.js?v=04954280:3394
[  599477ms] [LOG] Client ID: %s (%s) df729c40-6eeb-4e8a-bfbf-b5fd88220118 top-level @ http://localhost:4200/node_modules/.vite/deps/msw_browser.js?v=04954280:3395
[  599482ms] [LOG] Request {url: URL, method: GET, headers: Object, body: } @ http://localhost:4200/node_modules/.vite/deps/msw.js?v=da7ef043:442
[  599482ms] [LOG] Handler: HttpHandler @ http://localhost:4200/node_modules/.vite/deps/msw.js?v=da7ef043:443
[  599482ms] [LOG] Response {status: 200, statusText: OK, headers: Object, body: {"data":{"id":"1","type":"users","attributes":{"fi…lastName":"Doe","email":"john.doe@example.com"}}}} @ http://localhost:4200/node_modules/.vite/deps/msw.js?v=da7ef043:444
[  599483ms] [LOG] user Proxy(ReactiveResource) loaded @ http://localhost:4200/@fs/Users/gilles/www/projects/project-forge/@libs/users-front/dist/services/current-user.js:31
[  605494ms] [LOG] {modulePrefix: @apps/front, environment: development, rootURL: /, locationType: history, EmberENV: Object} @ http://localhost:4200/app/app.ts?t=1778769134586:24
[  605500ms] [LOG] %cDocumentation: %chttps://mswjs.io/docs font-weight:bold font-weight:normal @ http://localhost:4200/node_modules/.vite/deps/msw_browser.js?v=04954280:3391
[  605500ms] [LOG] Found an issue? https://github.com/mswjs/msw/issues @ http://localhost:4200/node_modules/.vite/deps/msw_browser.js?v=04954280:3392
[  605500ms] [LOG] Worker script URL: http://localhost:4200/mockServiceWorker.js @ http://localhost:4200/node_modules/.vite/deps/msw_browser.js?v=04954280:3393
[  605500ms] [LOG] Worker scope: http://localhost:4200/ @ http://localhost:4200/node_modules/.vite/deps/msw_browser.js?v=04954280:3394
[  605500ms] [LOG] Client ID: %s (%s) a5e2ee27-c728-4ad1-98c6-a9f605d7beff top-level @ http://localhost:4200/node_modules/.vite/deps/msw_browser.js?v=04954280:3395
[  605503ms] [LOG] Request {url: URL, method: GET, headers: Object, body: } @ http://localhost:4200/node_modules/.vite/deps/msw.js?v=da7ef043:442
[  605503ms] [LOG] Handler: HttpHandler @ http://localhost:4200/node_modules/.vite/deps/msw.js?v=da7ef043:443
[  605503ms] [LOG] Response {status: 200, statusText: OK, headers: Object, body: {"data":{"id":"1","type":"users","attributes":{"fi…lastName":"Doe","email":"john.doe@example.com"}}}} @ http://localhost:4200/node_modules/.vite/deps/msw.js?v=da7ef043:444
[  605503ms] [LOG] user Proxy(ReactiveResource) loaded @ http://localhost:4200/@fs/Users/gilles/www/projects/project-forge/@libs/users-front/dist/services/current-user.js:31
[  616617ms] [LOG] {modulePrefix: @apps/front, environment: development, rootURL: /, locationType: history, EmberENV: Object} @ http://localhost:4200/app/app.ts?t=1778769145883:24
[  616622ms] [LOG] %cDocumentation: %chttps://mswjs.io/docs font-weight:bold font-weight:normal @ http://localhost:4200/node_modules/.vite/deps/msw_browser.js?v=04954280:3391
[  616622ms] [LOG] Found an issue? https://github.com/mswjs/msw/issues @ http://localhost:4200/node_modules/.vite/deps/msw_browser.js?v=04954280:3392
[  616622ms] [LOG] Worker script URL: http://localhost:4200/mockServiceWorker.js @ http://localhost:4200/node_modules/.vite/deps/msw_browser.js?v=04954280:3393
[  616622ms] [LOG] Worker scope: http://localhost:4200/ @ http://localhost:4200/node_modules/.vite/deps/msw_browser.js?v=04954280:3394
[  616622ms] [LOG] Client ID: %s (%s) 600ad986-0688-47b5-9bd4-3b2d4cdf1f8e top-level @ http://localhost:4200/node_modules/.vite/deps/msw_browser.js?v=04954280:3395
[  616625ms] [LOG] Request {url: URL, method: GET, headers: Object, body: } @ http://localhost:4200/node_modules/.vite/deps/msw.js?v=da7ef043:442
[  616625ms] [LOG] Handler: HttpHandler @ http://localhost:4200/node_modules/.vite/deps/msw.js?v=da7ef043:443
[  616625ms] [LOG] Response {status: 200, statusText: OK, headers: Object, body: {"data":{"id":"1","type":"users","attributes":{"fi…lastName":"Doe","email":"john.doe@example.com"}}}} @ http://localhost:4200/node_modules/.vite/deps/msw.js?v=da7ef043:444
[  616625ms] [LOG] user Proxy(ReactiveResource) loaded @ http://localhost:4200/@fs/Users/gilles/www/projects/project-forge/@libs/users-front/dist/services/current-user.js:31
[  620661ms] [LOG] {modulePrefix: @apps/front, environment: development, rootURL: /, locationType: history, EmberENV: Object} @ http://localhost:4200/app/app.ts?t=1778769149906:24
[  620667ms] [LOG] %cDocumentation: %chttps://mswjs.io/docs font-weight:bold font-weight:normal @ http://localhost:4200/node_modules/.vite/deps/msw_browser.js?v=04954280:3391
[  620667ms] [LOG] Found an issue? https://github.com/mswjs/msw/issues @ http://localhost:4200/node_modules/.vite/deps/msw_browser.js?v=04954280:3392
[  620667ms] [LOG] Worker script URL: http://localhost:4200/mockServiceWorker.js @ http://localhost:4200/node_modules/.vite/deps/msw_browser.js?v=04954280:3393
[  620667ms] [LOG] Worker scope: http://localhost:4200/ @ http://localhost:4200/node_modules/.vite/deps/msw_browser.js?v=04954280:3394
[  620667ms] [LOG] Client ID: %s (%s) 7c978236-7e30-4911-9a10-1ef30bfc0f98 top-level @ http://localhost:4200/node_modules/.vite/deps/msw_browser.js?v=04954280:3395
[  620669ms] [LOG] Request {url: URL, method: GET, headers: Object, body: } @ http://localhost:4200/node_modules/.vite/deps/msw.js?v=da7ef043:442
[  620669ms] [LOG] Handler: HttpHandler @ http://localhost:4200/node_modules/.vite/deps/msw.js?v=da7ef043:443
[  620669ms] [LOG] Response {status: 200, statusText: OK, headers: Object, body: {"data":{"id":"1","type":"users","attributes":{"fi…lastName":"Doe","email":"john.doe@example.com"}}}} @ http://localhost:4200/node_modules/.vite/deps/msw.js?v=da7ef043:444
[  620670ms] [LOG] user Proxy(ReactiveResource) loaded @ http://localhost:4200/@fs/Users/gilles/www/projects/project-forge/@libs/users-front/dist/services/current-user.js:31
[  626951ms] [LOG] {modulePrefix: @apps/front, environment: development, rootURL: /, locationType: history, EmberENV: Object} @ http://localhost:4200/app/app.ts?t=1778769156090:24
[  626957ms] [LOG] %cDocumentation: %chttps://mswjs.io/docs font-weight:bold font-weight:normal @ http://localhost:4200/node_modules/.vite/deps/msw_browser.js?v=04954280:3391
[  626957ms] [LOG] Found an issue? https://github.com/mswjs/msw/issues @ http://localhost:4200/node_modules/.vite/deps/msw_browser.js?v=04954280:3392
[  626957ms] [LOG] Worker script URL: http://localhost:4200/mockServiceWorker.js @ http://localhost:4200/node_modules/.vite/deps/msw_browser.js?v=04954280:3393
[  626957ms] [LOG] Worker scope: http://localhost:4200/ @ http://localhost:4200/node_modules/.vite/deps/msw_browser.js?v=04954280:3394
[  626957ms] [LOG] Client ID: %s (%s) 9cbbf744-e82b-487a-9d4b-006746a9c787 top-level @ http://localhost:4200/node_modules/.vite/deps/msw_browser.js?v=04954280:3395
[  626960ms] [LOG] Request {url: URL, method: GET, headers: Object, body: } @ http://localhost:4200/node_modules/.vite/deps/msw.js?v=da7ef043:442
[  626960ms] [LOG] Handler: HttpHandler @ http://localhost:4200/node_modules/.vite/deps/msw.js?v=da7ef043:443
[  626960ms] [LOG] Response {status: 200, statusText: OK, headers: Object, body: {"data":{"id":"1","type":"users","attributes":{"fi…lastName":"Doe","email":"john.doe@example.com"}}}} @ http://localhost:4200/node_modules/.vite/deps/msw.js?v=da7ef043:444
[  626960ms] [LOG] user Proxy(ReactiveResource) loaded @ http://localhost:4200/@fs/Users/gilles/www/projects/project-forge/@libs/users-front/dist/services/current-user.js:31
[  628675ms] [LOG] {modulePrefix: @apps/front, environment: development, rootURL: /, locationType: history, EmberENV: Object} @ http://localhost:4200/app/app.ts?t=1778769158112:24
[  628686ms] [LOG] %cDocumentation: %chttps://mswjs.io/docs font-weight:bold font-weight:normal @ http://localhost:4200/node_modules/.vite/deps/msw_browser.js?v=04954280:3391
[  628686ms] [LOG] Found an issue? https://github.com/mswjs/msw/issues @ http://localhost:4200/node_modules/.vite/deps/msw_browser.js?v=04954280:3392
[  628686ms] [LOG] Worker script URL: http://localhost:4200/mockServiceWorker.js @ http://localhost:4200/node_modules/.vite/deps/msw_browser.js?v=04954280:3393
[  628686ms] [LOG] Worker scope: http://localhost:4200/ @ http://localhost:4200/node_modules/.vite/deps/msw_browser.js?v=04954280:3394
[  628686ms] [LOG] Client ID: %s (%s) c8821965-7b26-4714-a3ac-c5ee6d548d9a top-level @ http://localhost:4200/node_modules/.vite/deps/msw_browser.js?v=04954280:3395
[  628688ms] [LOG] Request {url: URL, method: GET, headers: Object, body: } @ http://localhost:4200/node_modules/.vite/deps/msw.js?v=da7ef043:442
[  628688ms] [LOG] Handler: HttpHandler @ http://localhost:4200/node_modules/.vite/deps/msw.js?v=da7ef043:443
[  628688ms] [LOG] Response {status: 200, statusText: OK, headers: Object, body: {"data":{"id":"1","type":"users","attributes":{"fi…lastName":"Doe","email":"john.doe@example.com"}}}} @ http://localhost:4200/node_modules/.vite/deps/msw.js?v=da7ef043:444
[  628689ms] [LOG] user Proxy(ReactiveResource) loaded @ http://localhost:4200/@fs/Users/gilles/www/projects/project-forge/@libs/users-front/dist/services/current-user.js:31
