[      71ms] [LOG] {modulePrefix: @apps/front, environment: development, rootURL: /, locationType: history, EmberENV: Object} @ http://localhost:4200/app/app.ts?t=1778773879359:24
[      79ms] [LOG] %cDocumentation: %chttps://mswjs.io/docs font-weight:bold font-weight:normal @ http://localhost:4200/node_modules/.vite/deps/msw_browser.js?v=14610d99:3391
[      79ms] [LOG] Found an issue? https://github.com/mswjs/msw/issues @ http://localhost:4200/node_modules/.vite/deps/msw_browser.js?v=14610d99:3392
[      79ms] [LOG] Worker script URL: http://localhost:4200/mockServiceWorker.js @ http://localhost:4200/node_modules/.vite/deps/msw_browser.js?v=14610d99:3393
[      79ms] [LOG] Worker scope: http://localhost:4200/ @ http://localhost:4200/node_modules/.vite/deps/msw_browser.js?v=14610d99:3394
[      79ms] [LOG] Client ID: %s (%s) 1d634128-eec8-45fd-9991-0f0323a5b0ab top-level @ http://localhost:4200/node_modules/.vite/deps/msw_browser.js?v=14610d99:3395
[      81ms] [LOG] Request {url: URL, method: GET, headers: Object, body: } @ http://localhost:4200/node_modules/.vite/deps/msw.js?v=14610d99:442
[      81ms] [LOG] Handler: HttpHandler @ http://localhost:4200/node_modules/.vite/deps/msw.js?v=14610d99:443
[      81ms] [LOG] Response {status: 200, statusText: OK, headers: Object, body: {"data":{"id":"1","type":"users","attributes":{"fi…lastName":"Doe","email":"john.doe@example.com"}}}} @ http://localhost:4200/node_modules/.vite/deps/msw.js?v=14610d99:444
[      81ms] [LOG] user Proxy(ReactiveResource) loaded @ http://localhost:4200/@fs/Users/gilles/www/projects/project-forge/@libs/users-front/dist/services/current-user.js:31
[      83ms] [LOG] Request {url: URL, method: GET, headers: Object, body: } @ http://localhost:4200/node_modules/.vite/deps/msw.js?v=14610d99:442
[      83ms] [LOG] Handler: HttpHandler @ http://localhost:4200/node_modules/.vite/deps/msw.js?v=14610d99:443
[      83ms] [LOG] Response {status: 200, statusText: OK, headers: Object, body: {"data":[{"id":"proj-1","type":"projects","attribu…At":"2025-01-10T10:00:00Z"}}],"meta":{"count":3}}} @ http://localhost:4200/node_modules/.vite/deps/msw.js?v=14610d99:444
[    6691ms] [LOG] Request {url: URL, method: GET, headers: Object, body: } @ http://localhost:4200/node_modules/.vite/deps/msw.js?v=14610d99:442
[    6691ms] [LOG] Handler: HttpHandler @ http://localhost:4200/node_modules/.vite/deps/msw.js?v=14610d99:443
[    6691ms] [LOG] Response {status: 200, statusText: OK, headers: Object, body: {"data":[{"id":"1","type":"users","attributes":{"f…:"bob.johnson@example.com"}}],"meta":{"total":3}}} @ http://localhost:4200/node_modules/.vite/deps/msw.js?v=14610d99:444
[   50613ms] [LOG] Request {url: URL, method: GET, headers: Object, body: } @ http://localhost:4200/node_modules/.vite/deps/msw.js?v=14610d99:442
[   50613ms] [LOG] Handler: HttpHandler @ http://localhost:4200/node_modules/.vite/deps/msw.js?v=14610d99:443
[   50613ms] [LOG] Response {status: 200, statusText: OK, headers: Object, body: {"data":[{"id":"1","type":"users","attributes":{"f…:"bob.johnson@example.com"}}],"meta":{"total":3}}} @ http://localhost:4200/node_modules/.vite/deps/msw.js?v=14610d99:444
[  122967ms] [LOG] Request {url: URL, method: GET, headers: Object, body: } @ http://localhost:4200/node_modules/.vite/deps/msw.js?v=14610d99:442
[  122967ms] [LOG] Handler: HttpHandler @ http://localhost:4200/node_modules/.vite/deps/msw.js?v=14610d99:443
[  122967ms] [LOG] Response {status: 200, statusText: OK, headers: Object, body: {"data":[{"id":"1","type":"users","attributes":{"f…:"bob.johnson@example.com"}}],"meta":{"total":3}}} @ http://localhost:4200/node_modules/.vite/deps/msw.js?v=14610d99:444
[  162469ms] [LOG] Request {url: URL, method: GET, headers: Object, body: } @ http://localhost:4200/node_modules/.vite/deps/msw.js?v=14610d99:442
[  162469ms] [LOG] Handler: HttpHandler @ http://localhost:4200/node_modules/.vite/deps/msw.js?v=14610d99:443
[  162469ms] [LOG] Response {status: 200, statusText: OK, headers: Object, body: {"data":[{"id":"1","type":"users","attributes":{"f…:"bob.johnson@example.com"}}],"meta":{"total":3}}} @ http://localhost:4200/node_modules/.vite/deps/msw.js?v=14610d99:444
[  207010ms] [LOG] {modulePrefix: @apps/front, environment: development, rootURL: /, locationType: history, EmberENV: Object} @ http://localhost:4200/app/app.ts?t=1778774090612:24
[  207123ms] [LOG] {modulePrefix: @apps/front, environment: development, rootURL: /, locationType: history, EmberENV: Object} @ http://localhost:4200/app/app.ts?t=1778774090816:24
[  207206ms] [LOG] {modulePrefix: @apps/front, environment: development, rootURL: /, locationType: history, EmberENV: Object} @ http://localhost:4200/app/app.ts?t=1778774090816:24
[  207211ms] [LOG] %cDocumentation: %chttps://mswjs.io/docs font-weight:bold font-weight:normal @ http://localhost:4200/node_modules/.vite/deps/msw_browser.js?v=14610d99:3391
[  207211ms] [LOG] Found an issue? https://github.com/mswjs/msw/issues @ http://localhost:4200/node_modules/.vite/deps/msw_browser.js?v=14610d99:3392
[  207211ms] [LOG] Worker script URL: http://localhost:4200/mockServiceWorker.js @ http://localhost:4200/node_modules/.vite/deps/msw_browser.js?v=14610d99:3393
[  207211ms] [LOG] Worker scope: http://localhost:4200/ @ http://localhost:4200/node_modules/.vite/deps/msw_browser.js?v=14610d99:3394
[  207211ms] [LOG] Client ID: %s (%s) 80e1e82a-8473-4f69-9ffe-5332726ed989 top-level @ http://localhost:4200/node_modules/.vite/deps/msw_browser.js?v=14610d99:3395
[  207217ms] [LOG] Request {url: URL, method: GET, headers: Object, body: } @ http://localhost:4200/node_modules/.vite/deps/msw.js?v=14610d99:442
[  207217ms] [LOG] Handler: HttpHandler @ http://localhost:4200/node_modules/.vite/deps/msw.js?v=14610d99:443
[  207217ms] [LOG] Response {status: 200, statusText: OK, headers: Object, body: {"data":{"id":"1","type":"users","attributes":{"fi…lastName":"Doe","email":"john.doe@example.com"}}}} @ http://localhost:4200/node_modules/.vite/deps/msw.js?v=14610d99:444
[  207218ms] [LOG] user Proxy(ReactiveResource) loaded @ http://localhost:4200/@fs/Users/gilles/www/projects/project-forge/@libs/users-front/dist/services/current-user.js:31
[  207219ms] [LOG] Request {url: URL, method: GET, headers: Object, body: } @ http://localhost:4200/node_modules/.vite/deps/msw.js?v=14610d99:442
[  207219ms] [LOG] Handler: HttpHandler @ http://localhost:4200/node_modules/.vite/deps/msw.js?v=14610d99:443
[  207219ms] [LOG] Response {status: 200, statusText: OK, headers: Object, body: {"data":[{"id":"proj-1","type":"projects","attribu…At":"2025-01-10T10:00:00Z"}}],"meta":{"count":3}}} @ http://localhost:4200/node_modules/.vite/deps/msw.js?v=14610d99:444
[  208238ms] [LOG] {modulePrefix: @apps/front, environment: development, rootURL: /, locationType: history, EmberENV: Object} @ http://localhost:4200/app/app.ts?t=1778774091907:24
[  208245ms] [LOG] %cDocumentation: %chttps://mswjs.io/docs font-weight:bold font-weight:normal @ http://localhost:4200/node_modules/.vite/deps/msw_browser.js?v=14610d99:3391
[  208245ms] [LOG] Found an issue? https://github.com/mswjs/msw/issues @ http://localhost:4200/node_modules/.vite/deps/msw_browser.js?v=14610d99:3392
[  208245ms] [LOG] Worker script URL: http://localhost:4200/mockServiceWorker.js @ http://localhost:4200/node_modules/.vite/deps/msw_browser.js?v=14610d99:3393
[  208246ms] [LOG] Worker scope: http://localhost:4200/ @ http://localhost:4200/node_modules/.vite/deps/msw_browser.js?v=14610d99:3394
[  208246ms] [LOG] Client ID: %s (%s) 87ecc88f-a344-4eda-919b-7f28713abff0 top-level @ http://localhost:4200/node_modules/.vite/deps/msw_browser.js?v=14610d99:3395
[  208248ms] [LOG] Request {url: URL, method: GET, headers: Object, body: } @ http://localhost:4200/node_modules/.vite/deps/msw.js?v=14610d99:442
[  208248ms] [LOG] Handler: HttpHandler @ http://localhost:4200/node_modules/.vite/deps/msw.js?v=14610d99:443
[  208248ms] [LOG] Response {status: 200, statusText: OK, headers: Object, body: {"data":{"id":"1","type":"users","attributes":{"fi…lastName":"Doe","email":"john.doe@example.com"}}}} @ http://localhost:4200/node_modules/.vite/deps/msw.js?v=14610d99:444
[  208249ms] [LOG] user Proxy(ReactiveResource) loaded @ http://localhost:4200/@fs/Users/gilles/www/projects/project-forge/@libs/users-front/dist/services/current-user.js:31
[  208250ms] [LOG] Request {url: URL, method: GET, headers: Object, body: } @ http://localhost:4200/node_modules/.vite/deps/msw.js?v=14610d99:442
[  208250ms] [LOG] Handler: HttpHandler @ http://localhost:4200/node_modules/.vite/deps/msw.js?v=14610d99:443
[  208250ms] [LOG] Response {status: 200, statusText: OK, headers: Object, body: {"data":[{"id":"proj-1","type":"projects","attribu…At":"2025-01-10T10:00:00Z"}}],"meta":{"count":3}}} @ http://localhost:4200/node_modules/.vite/deps/msw.js?v=14610d99:444
[  213354ms] [LOG] {modulePrefix: @apps/front, environment: development, rootURL: /, locationType: history, EmberENV: Object} @ http://localhost:4200/app/app.ts?t=1778774097196:24
[  213364ms] [LOG] %cDocumentation: %chttps://mswjs.io/docs font-weight:bold font-weight:normal @ http://localhost:4200/node_modules/.vite/deps/msw_browser.js?v=14610d99:3391
[  213364ms] [LOG] Found an issue? https://github.com/mswjs/msw/issues @ http://localhost:4200/node_modules/.vite/deps/msw_browser.js?v=14610d99:3392
[  213364ms] [LOG] Worker script URL: http://localhost:4200/mockServiceWorker.js @ http://localhost:4200/node_modules/.vite/deps/msw_browser.js?v=14610d99:3393
[  213364ms] [LOG] Worker scope: http://localhost:4200/ @ http://localhost:4200/node_modules/.vite/deps/msw_browser.js?v=14610d99:3394
[  213364ms] [LOG] Client ID: %s (%s) 6562dabb-5238-425c-903a-508e0dea2615 top-level @ http://localhost:4200/node_modules/.vite/deps/msw_browser.js?v=14610d99:3395
[  213367ms] [LOG] Request {url: URL, method: GET, headers: Object, body: } @ http://localhost:4200/node_modules/.vite/deps/msw.js?v=14610d99:442
[  213367ms] [LOG] Handler: HttpHandler @ http://localhost:4200/node_modules/.vite/deps/msw.js?v=14610d99:443
[  213367ms] [LOG] Response {status: 200, statusText: OK, headers: Object, body: {"data":{"id":"1","type":"users","attributes":{"fi…lastName":"Doe","email":"john.doe@example.com"}}}} @ http://localhost:4200/node_modules/.vite/deps/msw.js?v=14610d99:444
[  213368ms] [LOG] user Proxy(ReactiveResource) loaded @ http://localhost:4200/@fs/Users/gilles/www/projects/project-forge/@libs/users-front/dist/services/current-user.js:31
[  213369ms] [LOG] Request {url: URL, method: GET, headers: Object, body: } @ http://localhost:4200/node_modules/.vite/deps/msw.js?v=14610d99:442
[  213369ms] [LOG] Handler: HttpHandler @ http://localhost:4200/node_modules/.vite/deps/msw.js?v=14610d99:443
[  213369ms] [LOG] Response {status: 200, statusText: OK, headers: Object, body: {"data":[{"id":"proj-1","type":"projects","attribu…At":"2025-01-10T10:00:00Z"}}],"meta":{"count":3}}} @ http://localhost:4200/node_modules/.vite/deps/msw.js?v=14610d99:444
[  214252ms] [LOG] {modulePrefix: @apps/front, environment: development, rootURL: /, locationType: history, EmberENV: Object} @ http://localhost:4200/app/app.ts?t=1778774097905:24
[  214260ms] [LOG] %cDocumentation: %chttps://mswjs.io/docs font-weight:bold font-weight:normal @ http://localhost:4200/node_modules/.vite/deps/msw_browser.js?v=14610d99:3391
[  214260ms] [LOG] Found an issue? https://github.com/mswjs/msw/issues @ http://localhost:4200/node_modules/.vite/deps/msw_browser.js?v=14610d99:3392
[  214260ms] [LOG] Worker script URL: http://localhost:4200/mockServiceWorker.js @ http://localhost:4200/node_modules/.vite/deps/msw_browser.js?v=14610d99:3393
[  214260ms] [LOG] Worker scope: http://localhost:4200/ @ http://localhost:4200/node_modules/.vite/deps/msw_browser.js?v=14610d99:3394
[  214260ms] [LOG] Client ID: %s (%s) 905e1172-4c91-4a84-8ea6-8c33a336d4a4 top-level @ http://localhost:4200/node_modules/.vite/deps/msw_browser.js?v=14610d99:3395
[  214262ms] [LOG] Request {url: URL, method: GET, headers: Object, body: } @ http://localhost:4200/node_modules/.vite/deps/msw.js?v=14610d99:442
[  214262ms] [LOG] Handler: HttpHandler @ http://localhost:4200/node_modules/.vite/deps/msw.js?v=14610d99:443
[  214262ms] [LOG] Response {status: 200, statusText: OK, headers: Object, body: {"data":{"id":"1","type":"users","attributes":{"fi…lastName":"Doe","email":"john.doe@example.com"}}}} @ http://localhost:4200/node_modules/.vite/deps/msw.js?v=14610d99:444
[  214263ms] [LOG] user Proxy(ReactiveResource) loaded @ http://localhost:4200/@fs/Users/gilles/www/projects/project-forge/@libs/users-front/dist/services/current-user.js:31
[  214265ms] [LOG] Request {url: URL, method: GET, headers: Object, body: } @ http://localhost:4200/node_modules/.vite/deps/msw.js?v=14610d99:442
[  214265ms] [LOG] Handler: HttpHandler @ http://localhost:4200/node_modules/.vite/deps/msw.js?v=14610d99:443
[  214265ms] [LOG] Response {status: 200, statusText: OK, headers: Object, body: {"data":[{"id":"proj-1","type":"projects","attribu…At":"2025-01-10T10:00:00Z"}}],"meta":{"count":3}}} @ http://localhost:4200/node_modules/.vite/deps/msw.js?v=14610d99:444
