[      71ms] [LOG] {modulePrefix: @apps/front, environment: development, rootURL: /, locationType: history, EmberENV: Object} @ http://localhost:4200/app/app.ts?t=1778774257602:24
[      82ms] [LOG] %cDocumentation: %chttps://mswjs.io/docs font-weight:bold font-weight:normal @ http://localhost:4200/node_modules/.vite/deps/msw_browser.js?v=14610d99:3391
[      82ms] [LOG] Found an issue? https://github.com/mswjs/msw/issues @ http://localhost:4200/node_modules/.vite/deps/msw_browser.js?v=14610d99:3392
[      82ms] [LOG] Worker script URL: http://localhost:4200/mockServiceWorker.js @ http://localhost:4200/node_modules/.vite/deps/msw_browser.js?v=14610d99:3393
[      82ms] [LOG] Worker scope: http://localhost:4200/ @ http://localhost:4200/node_modules/.vite/deps/msw_browser.js?v=14610d99:3394
[      82ms] [LOG] Client ID: %s (%s) 2ff51ed5-9f08-4efb-87e8-f8c7e07af55b top-level @ http://localhost:4200/node_modules/.vite/deps/msw_browser.js?v=14610d99:3395
[      84ms] [LOG] Request {url: URL, method: GET, headers: Object, body: } @ http://localhost:4200/node_modules/.vite/deps/msw.js?v=14610d99:442
[      84ms] [LOG] Handler: HttpHandler @ http://localhost:4200/node_modules/.vite/deps/msw.js?v=14610d99:443
[      84ms] [LOG] Response {status: 200, statusText: OK, headers: Object, body: {"data":{"id":"1","type":"users","attributes":{"fi…lastName":"Doe","email":"john.doe@example.com"}}}} @ http://localhost:4200/node_modules/.vite/deps/msw.js?v=14610d99:444
[      84ms] [LOG] user Proxy(ReactiveResource) loaded @ http://localhost:4200/@fs/Users/gilles/www/projects/project-forge/@libs/users-front/dist/services/current-user.js:31
[      86ms] [LOG] Request {url: URL, method: GET, headers: Object, body: } @ http://localhost:4200/node_modules/.vite/deps/msw.js?v=14610d99:442
[      86ms] [LOG] Handler: HttpHandler @ http://localhost:4200/node_modules/.vite/deps/msw.js?v=14610d99:443
[      86ms] [LOG] Response {status: 200, statusText: OK, headers: Object, body: {"data":[{"id":"proj-1","type":"projects","attribu…At":"2025-01-10T10:00:00Z"}}],"meta":{"count":3}}} @ http://localhost:4200/node_modules/.vite/deps/msw.js?v=14610d99:444
[   38476ms] [LOG] {modulePrefix: @apps/front, environment: development, rootURL: /, locationType: history, EmberENV: Object} @ http://localhost:4200/app/app.ts?t=1778774301964:24
[   38482ms] [LOG] %cDocumentation: %chttps://mswjs.io/docs font-weight:bold font-weight:normal @ http://localhost:4200/node_modules/.vite/deps/msw_browser.js?v=14610d99:3391
[   38482ms] [LOG] Found an issue? https://github.com/mswjs/msw/issues @ http://localhost:4200/node_modules/.vite/deps/msw_browser.js?v=14610d99:3392
[   38482ms] [LOG] Worker script URL: http://localhost:4200/mockServiceWorker.js @ http://localhost:4200/node_modules/.vite/deps/msw_browser.js?v=14610d99:3393
[   38482ms] [LOG] Worker scope: http://localhost:4200/ @ http://localhost:4200/node_modules/.vite/deps/msw_browser.js?v=14610d99:3394
[   38482ms] [LOG] Client ID: %s (%s) 74f5458b-8857-417c-8cae-6bbcffbdc3c6 top-level @ http://localhost:4200/node_modules/.vite/deps/msw_browser.js?v=14610d99:3395
[   38488ms] [LOG] Request {url: URL, method: GET, headers: Object, body: } @ http://localhost:4200/node_modules/.vite/deps/msw.js?v=14610d99:442
[   38488ms] [LOG] Handler: HttpHandler @ http://localhost:4200/node_modules/.vite/deps/msw.js?v=14610d99:443
[   38488ms] [LOG] Response {status: 200, statusText: OK, headers: Object, body: {"data":{"id":"1","type":"users","attributes":{"fi…lastName":"Doe","email":"john.doe@example.com"}}}} @ http://localhost:4200/node_modules/.vite/deps/msw.js?v=14610d99:444
[   38489ms] [LOG] user Proxy(ReactiveResource) loaded @ http://localhost:4200/@fs/Users/gilles/www/projects/project-forge/@libs/users-front/dist/services/current-user.js:31
[   38491ms] [LOG] Request {url: URL, method: GET, headers: Object, body: } @ http://localhost:4200/node_modules/.vite/deps/msw.js?v=14610d99:442
[   38491ms] [LOG] Handler: HttpHandler @ http://localhost:4200/node_modules/.vite/deps/msw.js?v=14610d99:443
[   38491ms] [LOG] Response {status: 200, statusText: OK, headers: Object, body: {"data":[{"id":"proj-1","type":"projects","attribu…At":"2025-01-10T10:00:00Z"}}],"meta":{"count":3}}} @ http://localhost:4200/node_modules/.vite/deps/msw.js?v=14610d99:444
[   61980ms] [LOG] {modulePrefix: @apps/front, environment: development, rootURL: /, locationType: history, EmberENV: Object} @ http://localhost:4200/app/app.ts?t=1778774325489:24
[   61985ms] [LOG] %cDocumentation: %chttps://mswjs.io/docs font-weight:bold font-weight:normal @ http://localhost:4200/node_modules/.vite/deps/msw_browser.js?v=14610d99:3391
[   61985ms] [LOG] Found an issue? https://github.com/mswjs/msw/issues @ http://localhost:4200/node_modules/.vite/deps/msw_browser.js?v=14610d99:3392
[   61985ms] [LOG] Worker script URL: http://localhost:4200/mockServiceWorker.js @ http://localhost:4200/node_modules/.vite/deps/msw_browser.js?v=14610d99:3393
[   61985ms] [LOG] Worker scope: http://localhost:4200/ @ http://localhost:4200/node_modules/.vite/deps/msw_browser.js?v=14610d99:3394
[   61985ms] [LOG] Client ID: %s (%s) 8ddfcaf9-6274-440e-aab1-cfccc77883e7 top-level @ http://localhost:4200/node_modules/.vite/deps/msw_browser.js?v=14610d99:3395
[   61987ms] [LOG] Request {url: URL, method: GET, headers: Object, body: } @ http://localhost:4200/node_modules/.vite/deps/msw.js?v=14610d99:442
[   61987ms] [LOG] Handler: HttpHandler @ http://localhost:4200/node_modules/.vite/deps/msw.js?v=14610d99:443
[   61987ms] [LOG] Response {status: 200, statusText: OK, headers: Object, body: {"data":{"id":"1","type":"users","attributes":{"fi…lastName":"Doe","email":"john.doe@example.com"}}}} @ http://localhost:4200/node_modules/.vite/deps/msw.js?v=14610d99:444
[   61988ms] [LOG] user Proxy(ReactiveResource) loaded @ http://localhost:4200/@fs/Users/gilles/www/projects/project-forge/@libs/users-front/dist/services/current-user.js:31
[   61989ms] [LOG] Request {url: URL, method: GET, headers: Object, body: } @ http://localhost:4200/node_modules/.vite/deps/msw.js?v=14610d99:442
[   61989ms] [LOG] Handler: HttpHandler @ http://localhost:4200/node_modules/.vite/deps/msw.js?v=14610d99:443
[   61989ms] [LOG] Response {status: 200, statusText: OK, headers: Object, body: {"data":[{"id":"proj-1","type":"projects","attribu…At":"2025-01-10T10:00:00Z"}}],"meta":{"count":3}}} @ http://localhost:4200/node_modules/.vite/deps/msw.js?v=14610d99:444
[   61991ms] [LOG] Request {url: URL, method: GET, headers: Object, body: } @ http://localhost:4200/node_modules/.vite/deps/msw.js?v=14610d99:442
[   61991ms] [LOG] Handler: HttpHandler @ http://localhost:4200/node_modules/.vite/deps/msw.js?v=14610d99:443
[   61991ms] [LOG] Response {status: 200, statusText: OK, headers: Object, body: {"data":[{"id":"proj-1","type":"projects","attribu…At":"2025-01-10T10:00:00Z"}}],"meta":{"count":3}}} @ http://localhost:4200/node_modules/.vite/deps/msw.js?v=14610d99:444
[   68439ms] [ERROR] Failed to load resource: the server responded with a status of 500 (Internal Server Error) @ http://localhost:4200/app/templates/dashboard.gts?import&t=1778774331963:0
[   93380ms] [ERROR] Failed to load resource: the server responded with a status of 500 (Internal Server Error) @ http://localhost:4200/app/templates/dashboard.gts?import&t=1778774331963:0
[   94654ms] [ERROR] Failed to load resource: the server responded with a status of 500 (Internal Server Error) @ http://localhost:4200/app/templates/dashboard.gts?import&t=1778774331963:0
[  103688ms] [ERROR] Failed to load resource: the server responded with a status of 500 (Internal Server Error) @ http://localhost:4200/app/templates/dashboard.gts?t=1778774331963&import:0
[  103731ms] [ERROR] Failed to load resource: the server responded with a status of 500 (Internal Server Error) @ http://localhost:4200/app/templates/dashboard.gts?t=1778774331963&import:0
[  104680ms] [ERROR] Failed to load resource: the server responded with a status of 500 (Internal Server Error) @ http://localhost:4200/app/templates/dashboard.gts?t=1778774331963&import:0
